voice spike on http://localhost:5392 (COEP require-corp)
chromium loading 0% rss=531MB
chromium feeding 0% rss=874MB
chromium feeding 0% rss=963MB
chromium feeding 1% rss=1006MB
chromium feeding 1% rss=1008MB
chromium feeding 1% rss=1008MB
chromium feeding 1% rss=1007MB
chromium feeding 2% rss=959MB
chromium feeding 2% rss=959MB
chromium feeding 2% rss=960MB
chromium feeding 3% rss=960MB
chromium feeding 3% rss=959MB
chromium feeding 3% rss=960MB
chromium feeding 3% rss=960MB
chromium feeding 4% rss=959MB
chromium feeding 4% rss=959MB
chromium feeding 4% rss=959MB
chromium feeding 5% rss=959MB
chromium feeding 5% rss=959MB
chromium feeding 5% rss=959MB
chromium feeding 5% rss=960MB
chromium feeding 6% rss=960MB
chromium feeding 6% rss=960MB
chromium feeding 6% rss=960MB
chromium feeding 7% rss=960MB
chromium feeding 7% rss=960MB
chromium feeding 7% rss=960MB
chromium feeding 7% rss=960MB
chromium feeding 8% rss=960MB
chromium feeding 8% rss=961MB
chromium feeding 8% rss=961MB
chromium feeding 9% rss=960MB
chromium feeding 9% rss=960MB
chromium feeding 9% rss=961MB
chromium feeding 9% rss=961MB
chromium feeding 10% rss=961MB
chromium feeding 10% rss=961MB
chromium feeding 10% rss=961MB
chromium feeding 11% rss=961MB
chromium feeding 11% rss=961MB
chromium feeding 11% rss=961MB
chromium feeding 11% rss=961MB
chromium feeding 12% rss=961MB
chromium feeding 12% rss=961MB
chromium feeding 12% rss=961MB
chromium feeding 12% rss=961MB
chromium feeding 13% rss=961MB
chromium feeding 13% rss=961MB
chromium feeding 13% rss=961MB
chromium feeding 14% rss=962MB
chromium feeding 14% rss=962MB
chromium feeding 14% rss=962MB
chromium feeding 14% rss=961MB
chromium feeding 15% rss=962MB
chromium feeding 15% rss=962MB
chromium feeding 15% rss=962MB
chromium feeding 16% rss=962MB
chromium feeding 16% rss=962MB
chromium feeding 16% rss=963MB
chromium feeding 16% rss=963MB
chromium feeding 17% rss=963MB
chromium feeding 17% rss=963MB
chromium feeding 17% rss=963MB
chromium feeding 18% rss=963MB
chromium feeding 18% rss=963MB
chromium feeding 18% rss=963MB
chromium feeding 18% rss=963MB
chromium feeding 19% rss=963MB
chromium feeding 19% rss=963MB
chromium feeding 19% rss=963MB
chromium feeding 20% rss=963MB
chromium feeding 20% rss=963MB
chromium feeding 20% rss=963MB
chromium feeding 20% rss=963MB
chromium feeding 21% rss=963MB
chromium feeding 21% rss=963MB
chromium feeding 21% rss=963MB
chromium feeding 22% rss=963MB
chromium feeding 22% rss=963MB
chromium feeding 22% rss=963MB
chromium feeding 22% rss=963MB
chromium feeding 23% rss=963MB
chromium feeding 23% rss=963MB
chromium feeding 23% rss=963MB
chromium feeding 24% rss=963MB
chromium feeding 24% rss=963MB
chromium feeding 24% rss=963MB
chromium feeding 24% rss=963MB
chromium feeding 25% rss=963MB
chromium feeding 25% rss=963MB
chromium feeding 25% rss=963MB
chromium feeding 26% rss=963MB
chromium feeding 26% rss=963MB
chromium feeding 26% rss=963MB
chromium feeding 26% rss=963MB
chromium feeding 27% rss=963MB
chromium feeding 27% rss=963MB
chromium feeding 27% rss=963MB
chromium feeding 28% rss=963MB
chromium feeding 28% rss=963MB
chromium feeding 28% rss=963MB
chromium feeding 28% rss=963MB
chromium feeding 29% rss=963MB
chromium feeding 29% rss=963MB
chromium feeding 29% rss=963MB
chromium feeding 30% rss=963MB
chromium feeding 30% rss=963MB
chromium feeding 30% rss=963MB
chromium feeding 30% rss=963MB
chromium feeding 31% rss=963MB
chromium feeding 31% rss=963MB
chromium feeding 31% rss=963MB
chromium feeding 32% rss=963MB
chromium feeding 32% rss=963MB
chromium feeding 32% rss=963MB
chromium feeding 32% rss=963MB
chromium feeding 33% rss=963MB
chromium feeding 33% rss=963MB
chromium feeding 33% rss=963MB
chromium feeding 33% rss=964MB
chromium feeding 34% rss=964MB
chromium feeding 34% rss=964MB
chromium feeding 34% rss=964MB
chromium feeding 35% rss=964MB
chromium feeding 35% rss=964MB
chromium feeding 35% rss=964MB
chromium feeding 35% rss=964MB
chromium feeding 36% rss=964MB
chromium feeding 36% rss=964MB
chromium feeding 36% rss=964MB
chromium feeding 37% rss=964MB
chromium feeding 37% rss=964MB
chromium feeding 37% rss=964MB
chromium feeding 37% rss=964MB
chromium feeding 38% rss=964MB
chromium feeding 38% rss=964MB
chromium feeding 38% rss=964MB
chromium feeding 39% rss=964MB
chromium feeding 39% rss=964MB
chromium feeding 39% rss=964MB
chromium feeding 39% rss=964MB
chromium feeding 40% rss=964MB
chromium feeding 40% rss=964MB
chromium feeding 40% rss=964MB
chromium feeding 41% rss=964MB
chromium feeding 41% rss=964MB
chromium feeding 41% rss=964MB
chromium feeding 41% rss=964MB
chromium feeding 42% rss=964MB
chromium feeding 42% rss=964MB
chromium feeding 42% rss=964MB
chromium feeding 43% rss=964MB
chromium feeding 43% rss=964MB
chromium feeding 43% rss=964MB
chromium feeding 43% rss=964MB
chromium feeding 44% rss=964MB
chromium feeding 44% rss=964MB
chromium feeding 44% rss=964MB
chromium feeding 45% rss=964MB
chromium feeding 45% rss=964MB
chromium feeding 45% rss=964MB
chromium feeding 45% rss=964MB
chromium feeding 46% rss=964MB
chromium feeding 46% rss=964MB
chromium feeding 46% rss=964MB
chromium feeding 46% rss=964MB
chromium feeding 47% rss=964MB
chromium feeding 47% rss=964MB
chromium feeding 47% rss=964MB
chromium feeding 48% rss=964MB
chromium feeding 48% rss=964MB
chromium feeding 48% rss=964MB
chromium feeding 48% rss=964MB
chromium feeding 49% rss=964MB
chromium feeding 49% rss=964MB
chromium feeding 49% rss=964MB
chromium feeding 50% rss=964MB
chromium feeding 50% rss=964MB
chromium feeding 50% rss=964MB
chromium feeding 50% rss=964MB
chromium feeding 51% rss=964MB
chromium feeding 51% rss=964MB
chromium feeding 51% rss=964MB
chromium feeding 52% rss=964MB
chromium feeding 52% rss=964MB
chromium feeding 52% rss=964MB
chromium feeding 52% rss=964MB
chromium feeding 53% rss=964MB
chromium feeding 53% rss=964MB
chromium feeding 53% rss=964MB
chromium feeding 54% rss=964MB
chromium feeding 54% rss=964MB
chromium feeding 54% rss=964MB
chromium feeding 54% rss=964MB
chromium feeding 55% rss=964MB
chromium feeding 55% rss=964MB
chromium feeding 55% rss=965MB
chromium feeding 56% rss=965MB
chromium feeding 56% rss=965MB
chromium feeding 56% rss=965MB
chromium feeding 56% rss=965MB
chromium feeding 57% rss=965MB
chromium feeding 57% rss=965MB
chromium feeding 57% rss=965MB
chromium feeding 58% rss=965MB
chromium feeding 58% rss=965MB
chromium feeding 58% rss=965MB
chromium feeding 58% rss=965MB
chromium feeding 59% rss=965MB
chromium feeding 59% rss=965MB
chromium feeding 59% rss=965MB
chromium feeding 60% rss=965MB
chromium feeding 60% rss=965MB
chromium feeding 60% rss=965MB
chromium feeding 60% rss=965MB
chromium feeding 61% rss=965MB
chromium feeding 61% rss=965MB
chromium feeding 61% rss=965MB
chromium feeding 61% rss=965MB
chromium feeding 62% rss=965MB
chromium feeding 62% rss=965MB
chromium feeding 62% rss=965MB
chromium feeding 63% rss=965MB
chromium feeding 63% rss=965MB
chromium feeding 63% rss=965MB
chromium feeding 63% rss=965MB
chromium feeding 64% rss=965MB
chromium feeding 64% rss=965MB
chromium feeding 64% rss=965MB
chromium feeding 65% rss=965MB
chromium feeding 65% rss=965MB
chromium feeding 65% rss=965MB
chromium feeding 65% rss=965MB
chromium feeding 66% rss=965MB
chromium feeding 66% rss=965MB
chromium feeding 66% rss=965MB
chromium feeding 67% rss=965MB
chromium feeding 67% rss=965MB
chromium feeding 67% rss=965MB
chromium feeding 67% rss=965MB
chromium feeding 68% rss=965MB
chromium feeding 68% rss=965MB
chromium feeding 68% rss=965MB
chromium feeding 69% rss=965MB
chromium feeding 69% rss=965MB
chromium feeding 69% rss=965MB
chromium feeding 69% rss=965MB
chromium feeding 70% rss=965MB
chromium feeding 70% rss=965MB
chromium feeding 70% rss=965MB
chromium feeding 71% rss=965MB
chromium feeding 71% rss=965MB
chromium feeding 71% rss=965MB
chromium feeding 71% rss=965MB
chromium feeding 72% rss=965MB
chromium feeding 72% rss=965MB
chromium feeding 72% rss=965MB
chromium feeding 72% rss=965MB
chromium feeding 73% rss=965MB
chromium feeding 73% rss=965MB
chromium feeding 73% rss=966MB
chromium feeding 74% rss=966MB
chromium feeding 74% rss=966MB
chromium feeding 74% rss=966MB
chromium feeding 74% rss=966MB
chromium feeding 75% rss=966MB
chromium feeding 75% rss=966MB
chromium feeding 75% rss=966MB
chromium feeding 76% rss=966MB
chromium feeding 76% rss=966MB
chromium feeding 76% rss=966MB
chromium feeding 76% rss=966MB
chromium feeding 77% rss=966MB
chromium feeding 77% rss=966MB
chromium feeding 77% rss=966MB
chromium feeding 78% rss=966MB
chromium feeding 78% rss=966MB
chromium feeding 78% rss=966MB
chromium feeding 78% rss=966MB
chromium feeding 79% rss=966MB
chromium feeding 79% rss=966MB
chromium feeding 79% rss=966MB
chromium feeding 80% rss=966MB
chromium feeding 80% rss=966MB
chromium feeding 80% rss=966MB
chromium feeding 80% rss=966MB
chromium feeding 81% rss=966MB
chromium feeding 81% rss=966MB
chromium feeding 81% rss=966MB
chromium feeding 82% rss=966MB
chromium feeding 82% rss=966MB
chromium feeding 82% rss=966MB
chromium feeding 82% rss=966MB
chromium feeding 83% rss=966MB
chromium feeding 83% rss=966MB
chromium feeding 83% rss=966MB
chromium feeding 84% rss=966MB
chromium feeding 84% rss=966MB
chromium feeding 84% rss=966MB
chromium feeding 84% rss=966MB
chromium feeding 85% rss=966MB
chromium feeding 85% rss=966MB
chromium feeding 85% rss=966MB
chromium feeding 86% rss=966MB
chromium feeding 86% rss=966MB
chromium feeding 86% rss=966MB
chromium feeding 86% rss=966MB
chromium feeding 87% rss=966MB
chromium feeding 87% rss=966MB
chromium feeding 87% rss=966MB
chromium feeding 88% rss=966MB
chromium feeding 88% rss=966MB
chromium feeding 88% rss=966MB
chromium feeding 88% rss=966MB
chromium feeding 89% rss=966MB
chromium feeding 89% rss=966MB
chromium feeding 89% rss=966MB
chromium feeding 89% rss=966MB
chromium feeding 90% rss=966MB
chromium feeding 90% rss=966MB
chromium feeding 90% rss=966MB
chromium feeding 91% rss=966MB
chromium feeding 91% rss=966MB
chromium feeding 91% rss=966MB
chromium feeding 91% rss=966MB
chromium feeding 92% rss=967MB
chromium feeding 92% rss=967MB
chromium feeding 92% rss=967MB
chromium feeding 93% rss=967MB
chromium feeding 93% rss=967MB
chromium feeding 93% rss=967MB
chromium feeding 93% rss=967MB
chromium feeding 94% rss=967MB
chromium feeding 94% rss=967MB
chromium feeding 94% rss=967MB
chromium feeding 95% rss=967MB
chromium feeding 95% rss=967MB
chromium feeding 95% rss=967MB
chromium feeding 95% rss=967MB
chromium feeding 96% rss=967MB
chromium feeding 96% rss=967MB
chromium feeding 96% rss=967MB
chromium feeding 97% rss=967MB
chromium feeding 97% rss=967MB
chromium feeding 97% rss=967MB
chromium feeding 97% rss=967MB
chromium feeding 98% rss=967MB
chromium feeding 98% rss=968MB
chromium feeding 98% rss=968MB
chromium feeding 99% rss=968MB
chromium feeding 99% rss=968MB
chromium feeding 99% rss=968MB
chromium feeding 99% rss=967MB
chromium feeding 100% rss=967MB
chromium feeding 100% rss=967MB
chromium done 100% rss=967MB
{
  "engine": "chromium",
  "fixture": "speech",
  "threadPool": 2,
  "architecture": "TinyStreaming",
  "coep": "require-corp",
  "loops": 10,
  "outcome": "done",
  "crossOriginIsolated": true,
  "userAgent": "Mozilla/5.0 (Macintosh; Intel Mac OS X 10_15_7) AppleWebKit/537.36 (KHTML, like Gecko) HeadlessChrome/153.0.8010.12 Safari/537.36",
  "loadSeconds": 3.606734999999404,
  "errors": [],
  "consoleErrors": [],
  "browserProcessTreeCpuPercentOfOneCore": 11.1,
  "peakBrowserProcessTreeRssMb": 1008,
  "wallSeconds": 723.8572300000004,
  "computeBusyPercentOfOneThread": 10.6,
  "passCount": 1370,
  "passP50Ms": 15,
  "passP95Ms": 163,
  "passMaxMs": 199,
  "maximumTimerGapMs": 199
}
  0.55s  Ada, open a pull request for the voice spike against develop.
  0.87s  Switch to Grace.
  0.49s  Grace, what is the status of the release branch?
  0.53s  I think we should get lunch after this meeting.
  0.47s  Repeat that.
  0.92s  Ada, rename the branch to voice moon china and push it.
  0.61s  Stop listening.
   0.5s  Approve, blue seven.
  0.43s  Option 2
  0.88s  Grace, run the behave suite and tell me which scenarios fail.
  0.56s  Did you see the game last night?
  0.46s  Scratch that,
  0.57s  Ada, open a pull request for the voice spike against develop.
  0.84s  Switch to grays.
  0.54s  Grace, what is the status of the release branch?
  0.58s  I think we should get lunch after this meeting.
  0.43s  Repeat that.
  0.88s  Ada, rename the branch to voice moonshine and push it.
  0.54s  Stop listening.
  0.83s  Approve blue seven
  0.86s  Option 2
  0.84s  Grace, run the behave suite and tell me which scenarios fail.
  0.45s  Did you see the game last night?
  0.84s  Scratch that.
  0.54s  Ada, open a pull request for the voice spike against develop.
  0.86s  Switch to grace.
  0.61s  Grace, what is the status of the release branch?
  0.71s  I think we should get lunch after this meeting.
  0.69s  Repeat that.
  0.71s  Ada, rename the branch to voice moon chin and push it.
  0.41s  Stop listening.
   0.7s  Approve, blue seven.
  0.61s  Option 2
  0.91s  Grace, run the behave suite and tell me which scenarios fail.
  0.61s  Did you see the game last night?
  0.51s  Scratch that.
  0.61s  Ada, open a pull request for the voice spike against develop.
  0.83s  Switch to grace.
  0.51s  Grace, what is the status of the release branch?
  0.53s  I think we should get lunch after this meeting.
  0.45s  Repeat that.
  0.83s  Ada, rename the branch to voice moon china and push it.
  0.64s  Stop listening.
  0.46s  Approve, blue seven.
  0.91s  Option 2:
  0.83s  Grace, run the behave suite and tell me which scenarios fail.
  0.44s  Did you see the game last night?
  0.78s  Scratch that.
   0.9s  Ada, open a pull request for the voice spike against develop.
   0.7s  Switch to grace.
  0.84s  Grace, what is the status of the release branch?
  0.46s  I think we should get lunch after this meeting.
  0.48s  Repeat that.
  0.89s  Ada, rename the branch to voice moon china and push it.
  0.64s  Stop listening.
  0.58s  Approve, blue seven.
   0.5s  Option 2
  0.85s  Grace, run the behave suite and tell me which scenarios fail.
  0.61s  Did you see the game last night?
   0.6s  Scratch that,
  0.71s  Ada, open a pull request for the voice spike against develop.
  0.91s  Switch to Grace.
  0.96s  Grace, what is the status of the release branch?
  0.49s  I think we should get lunch after this meeting.
  0.45s  Repeat that.
  0.91s  Ada, rename the branch to Voice Moon China and push it.
  0.52s  Stop listening.
  0.84s  Approve, blue seven.
  0.86s  Option 2
  0.75s  Grace, run the behave suite and tell me which scenarios fail.
   0.8s  Did you see the game last night?
  0.65s  Scratch that.
  0.63s  Ada, open a pull request for the voice spike against develop.
  0.84s  Switch to grays.
  0.52s  Grace, what is the status of the release branch?
  0.47s  I think we should get lunch after this meeting.
  0.42s  Repeat that.
  0.93s  Ada, rename the branch to voice moon china and push it.
  0.67s  Stop listening.
  0.65s  Approve blue seven
  0.73s  Option 2
  0.68s  Grace, run the behave suite and tell me which scenarios fail.
  0.85s  Did you see the game last night?
  0.88s  Scratch that.
  0.86s  Ada, open a pull request for the voice spike against develop.
  0.56s  Switch to Grace.
  0.64s  Grace, what is the status of the release branch?
  0.69s  I think we should get lunch after this meeting.
  0.59s  Repeat that.
  0.94s  Ada, rename the branch to voice moon china and push it.
  0.64s  Stop listening.
  0.53s  Approve, 27.
  0.54s  Option 2
  0.56s  Grace, run the behave suite and tell me which scenarios fail.
  0.68s  Did you see the game last night?
  0.65s  Scratch that.
  0.88s  Ada, open a pull request for the voice spike against develop.
  0.63s  Switch to grace.
  0.66s  Grace, what is the status of the release branch?
  0.73s  I think we should get lunch after this meeting.
   0.6s  Repeat that.
  0.68s  Ada, rename the branch to voice moon china and push it.
  0.48s  Stop listening.
  0.87s  Approve blue seven
  0.84s  Option 2
  0.77s  Grace, run the behave suite and tell me which scenarios fail.
  0.53s  Did you see the game last night?
  0.91s  Scratch that.
  0.47s  Ada, open a pull request for the voice spike against develop.
  0.65s  Switch to grace.
  0.72s  Grace, what is the status of the release branch?
  0.84s  I think we should get lunch after this meeting.
  0.75s  Repeat that.
  0.71s  Ada, rename the branch to voice moon china and push it.
  0.45s  Stop listening.
  0.81s  Approve, 27.
  0.72s  Option 2:
   0.8s  Grace, run the behave suite and tell me which scenarios fail.
  0.44s  Did you see the game last night?
  0.88s  Scratch that,
wrote results/chromium-speech-TinyStreaming-require-corp-x10-t2.json
